// Jest Snapshot v1, https://goo.gl/fbAQLP

exports[`definite.ts 1`] = `
====================================options=====================================
parsers: ["babel-ts"]
printWidth: 80
                                                                                | printWidth
=====================================input======================================
class MyComponent {
ngModel!: ng.INgModelController;
}

const x!: string

var y!: MyComponent

=====================================output=====================================
class MyComponent {
  ngModel!: ng.INgModelController;
}

const x!: string;

var y!: MyComponent;

================================================================================
`;
