// Jest Snapshot v1, https://goo.gl/fbAQLP

exports[`classInsideBlock.ts 1`] = `
====================================options=====================================
parsers: ["babel-ts"]
printWidth: 80
                                                                                | printWidth
=====================================input======================================
function foo() {
    class C { }
}
=====================================output=====================================
function foo() {
  class C {}
}

================================================================================
`;
