// Jest Snapshot v1, https://goo.gl/fbAQLP

exports[`multiple.js 1`] = `
====================================options=====================================
parsers: ["babel", "flow", "babel-ts"]
printWidth: 80
                                                                                | printWidth
=====================================input======================================
[...a, ...b,];
[...a, ...b];

=====================================output=====================================
[...a, ...b];
[...a, ...b];

================================================================================
`;
