// Jest Snapshot v1, https://goo.gl/fbAQLP

exports[`cunstructorType.ts 1`] = `
====================================options=====================================
parsers: ["babel-ts"]
printWidth: 80
                                                                                | printWidth
=====================================input======================================
var d: new(x: number) => void;

=====================================output=====================================
var d: new (x: number) => void;

================================================================================
`;
