// Jest Snapshot v1, https://goo.gl/fbAQLP

exports[`optional_catch_binding.js 1`] = `
====================================options=====================================
parsers: ["flow", "babel", "babel-ts"]
printWidth: 80
                                                                                | printWidth
=====================================input======================================
try {

}
catch {

}
finally {

}

=====================================output=====================================
try {
} catch {
} finally {
}

================================================================================
`;
