// Jest Snapshot v1, https://goo.gl/fbAQLP

exports[`lastTypeNode.ts 1`] = `
====================================options=====================================
parsers: ["babel-ts"]
printWidth: 80
                                                                                | printWidth
=====================================input======================================
function x3(callback: (x?: 'hi') => number) {};

=====================================output=====================================
function x3(callback: (x?: "hi") => number) {}

================================================================================
`;
