// Jest Snapshot v1, https://goo.gl/fbAQLP

exports[`html parser should handle CRLF correctly 1`] = `"\\"<!--\\\\r\\\\n  test\\\\r\\\\n  test\\\\r\\\\n-->\\\\r\\\\n\\""`;

exports[`markdown parser should handle CRLF correctly 1`] = `"\\"\`\`\`\\\\r\\\\n\\\\r\\\\n\\\\r\\\\n\`\`\`\\\\r\\\\n\\""`;

exports[`typescript parser should throw the first error when both JSX and non-JSX mode failed 1`] = `undefined`;

exports[`yaml parser should handle CRLF correctly 1`] = `"\\"a: 123\\\\r\\\\n\\""`;
