// Jest Snapshot v1, https://goo.gl/fbAQLP

exports[`templateStringWithEmbeddedTypeAssertionOnAdditionES6.ts 1`] = `
====================================options=====================================
parsers: ["babel-ts"]
printWidth: 80
                                                                                | printWidth
=====================================input======================================
﻿// @target: ES6
var x = \`abc\${ <any>(10 + 10) }def\`;

=====================================output=====================================
﻿// @target: ES6
var x = \`abc\${<any>(10 + 10)}def\`;

================================================================================
`;
