// Jest Snapshot v1, https://goo.gl/fbAQLP

exports[`classes.js 1`] = `
====================================options=====================================
parsers: ["flow", "babel-ts"]
printWidth: 80
                                                                                | printWidth
=====================================input======================================
class c {
  ["i"]() {}
}

=====================================output=====================================
class c {
  ["i"]() {}
}

================================================================================
`;
