// Jest Snapshot v1, https://goo.gl/fbAQLP

exports[`apply-rule.scss format 1`] = `
====================================options=====================================
parsers: ["scss"]
printWidth: 80
                                                                                | printWidth
=====================================input======================================
/* http://tabatkins.github.io/specs/css-apply-rule/#defining */

:root {
  --toolbar-theme: {
    background-color: hsl(120, 70%, 95%);
    border-radius: 4px;
    border: 1px solid var(--theme-color late);
  };
  --toolbar-title-theme: {
    color: green;
  };
}

:root {
  --without-semi: {color:red;}
}

=====================================output=====================================
/* http://tabatkins.github.io/specs/css-apply-rule/#defining */

:root {
  --toolbar-theme: {
    background-color: hsl(120, 70%, 95%);
    border-radius: 4px;
    border: 1px solid var(--theme-color late);
  }
  --toolbar-title-theme: {
    color: green;
  }
}

:root {
  --without-semi: {
    color: red;
  }
}

================================================================================
`;

exports[`variables.scss format 1`] = `
====================================options=====================================
parsers: ["scss"]
printWidth: 80
                                                                                | printWidth
=====================================input======================================
.foo {
  --#{$prop}: 10px;
  #{$prop}: 10px;
  prop1: var(--#{$var});
  prop2: var(#{$var}, --my-#{$var}, pink);
  prop3: calc(var(--#{$var}) * 1px);
}

@supports (--#{$prop}: green) {
  body {
    color: var(--#{$var});
  }
}

=====================================output=====================================
.foo {
  --#{$prop}: 10px;
  #{$prop}: 10px;
  prop1: var(--#{$var});
  prop2: var(#{$var}, --my-#{$var}, pink);
  prop3: calc(var(--#{$var}) * 1px);
}

@supports (--#{$prop}: green) {
  body {
    color: var(--#{$var});
  }
}

================================================================================
`;
