// Jest Snapshot v1, https://goo.gl/fbAQLP

exports[`callSignature.ts 1`] = `
====================================options=====================================
parsers: ["babel-ts"]
printWidth: 80
                                                                                | printWidth
=====================================input======================================
interface I {
    ();
    (): void;
    <T, U>(arg: T);
    <T, U>(arg: T): U;
}

Promise.all<void>([]);

=====================================output=====================================
interface I {
  ();
  (): void;
  <T, U>(arg: T);
  <T, U>(arg: T): U;
}

Promise.all<void>([]);

================================================================================
`;
